[33mÔØ»[39m Building...
[32mÔ£ö[39m Building...
[35mPrerendered 0 static routes.[39m
Application bundle generation failed. [16.901 seconds] - 2026-01-25T20:05:05.039Z

node.exe : [1m[31m[31mX 
[41;31m[[41;97mERROR[41;31m][0m [1mCould not 
resolve "@angular/animations/browser"[0m
In Zeile:1 Zeichen:1
+ & "C:\Program Files\nodejs/node.exe" "C:\Program 
Files\nodejs/node_mo ...
+ ~~~~~~~~~~~~~~~~~~~~~~~~~~~~~~~~~~~~~~~~~~~~~~~~~
~~~~~~~~~~~~~~~~~~~~
    + CategoryInfo          : NotSpecified: ([1m 
   [31m[31mX...ns/browser"[0m:String) [], Remot  
  eException
    + FullyQualifiedErrorId : NativeCommandError
 

    node_modules/@angular/platform-browser/fesm2022
/animations-async.mjs:37:53:
[37m      37 Ôöé ....moduleImpl ?? import([32m'@a
ngular/animations/browser'[37m).then(m => m);
         ÔòÁ                          
[32m~~~~~~~~~~~~~~~~~~~~~~~~~~~~~[0m

  You can mark the path 
"@angular/animations/browser" as external to 
exclude it from the bundle, which will remove this 
error and leave the unresolved path in the bundle. 
You can also add ".catch()" here to handle this 
failure at run-time instead of bundle-time.


[31mX [41;31m[[41;97mERROR[41;31m][0m 
[1mCould not resolve 
"@angular/animations/browser"[0m

    node_modules/@angular/platform-browser/fesm2022
/animations-async.mjs:37:53:
[37m      37 Ôöé ....moduleImpl ?? import([32m'@a
ngular/animations/browser'[37m).then(m => m);
         ÔòÁ                          
[32m~~~~~~~~~~~~~~~~~~~~~~~~~~~~~[0m

  You can mark the path 
"@angular/animations/browser" as external to 
exclude it from the bundle, which will remove this 
error and leave the unresolved path in the bundle. 
You can also add ".catch()" here to handle this 
failure at run-time instead of bundle-time.

[39m[22m
